src/lib/algorithm/interpreter.ts(173,9): error TS2322: Type 'unknown[]' is not assignable to type 'string[]'.
  Type 'unknown' is not assignable to type 'string'.
src/lib/algorithm/interpreter.ts(186,28): error TS2538: Type 'unknown' cannot be used as an index type.
src/lib/algorithm/interpreter.ts(186,48): error TS2538: Type 'unknown' cannot be used as an index type.
src/lib/algorithm/interpreter.ts(203,70): error TS18046: 's.data.messageCount' is of type 'unknown'.
src/lib/algorithm/interpreter.ts(219,47): error TS18046: 's.data.pauseDuration' is of type 'unknown'.
src/lib/algorithm/interpreter.ts(227,28): error TS2322: Type 'unknown' is not assignable to type 'string'.
